Analysis & Elaboration report for procesador
Fri Sep 27 12:15:07 2024
Quartus Prime Version 20.1.1 Build 720 11/11/2020 SJ Lite Edition


---------------------
; Table of Contents ;
---------------------
  1. Legal Notice
  2. Analysis & Elaboration Summary
  3. Parallel Compilation
  4. Analysis & Elaboration Settings
  5. Analysis & Elaboration Messages
  6. Analysis & Elaboration Suppressed Messages



----------------
; Legal Notice ;
----------------
Copyright (C) 2020  Intel Corporation. All rights reserved.
Your use of Intel Corporation's design tools, logic functions 
and other software and tools, and any partner logic 
functions, and any output files from any of the foregoing 
(including device programming or simulation files), and any 
associated documentation or information are expressly subject 
to the terms and conditions of the Intel Program License 
Subscription Agreement, the Intel Quartus Prime License Agreement,
the Intel FPGA IP License Agreement, or other applicable license
agreement, including, without limitation, that your use is for
the sole purpose of programming logic devices manufactured by
Intel and sold by Intel or its authorized distributors.  Please
refer to the applicable agreement for further details, at
https://fpgasoftware.intel.com/eula.



+-----------------------------------------------------------------------------+
; Analysis & Elaboration Summary                                              ;
+-------------------------------+---------------------------------------------+
; Analysis & Elaboration Status ; Successful - Fri Sep 27 12:15:07 2024       ;
; Quartus Prime Version         ; 20.1.1 Build 720 11/11/2020 SJ Lite Edition ;
; Revision Name                 ; procesador                                  ;
; Top-level Entity Name         ; IF_ID_Reg                                   ;
; Family                        ; Cyclone V                                   ;
; Logic utilization (in ALMs)   ; N/A until Partition Merge                   ;
; Total registers               ; N/A until Partition Merge                   ;
; Total pins                    ; N/A until Partition Merge                   ;
; Total virtual pins            ; N/A until Partition Merge                   ;
; Total block memory bits       ; N/A until Partition Merge                   ;
; Total PLLs                    ; N/A until Partition Merge                   ;
; Total DLLs                    ; N/A until Partition Merge                   ;
+-------------------------------+---------------------------------------------+


+------------------------------------------+
; Parallel Compilation                     ;
+----------------------------+-------------+
; Processors                 ; Number      ;
+----------------------------+-------------+
; Number detected on machine ; 16          ;
; Maximum allowed            ; 12          ;
;                            ;             ;
; Average used               ; 1.00        ;
; Maximum used               ; 1           ;
;                            ;             ;
; Usage by Processor         ; % Time Used ;
;     Processor 1            ; 100.0%      ;
+----------------------------+-------------+


+---------------------------------------------------------------------------------------------------------------------------+
; Analysis & Elaboration Settings                                                                                           ;
+---------------------------------------------------------------------------------+--------------------+--------------------+
; Option                                                                          ; Setting            ; Default Value      ;
+---------------------------------------------------------------------------------+--------------------+--------------------+
; Device                                                                          ; 5CSEMA5F31C6       ;                    ;
; Top-level entity name                                                           ; IF_ID_Reg          ; procesador         ;
; Family name                                                                     ; Cyclone V          ; Cyclone V          ;
; Use smart compilation                                                           ; Off                ; Off                ;
; Enable parallel Assembler and Timing Analyzer during compilation                ; On                 ; On                 ;
; Enable compact report table                                                     ; Off                ; Off                ;
; Restructure Multiplexers                                                        ; Auto               ; Auto               ;
; MLAB Add Timing Constraints For Mixed-Port Feed-Through Mode Setting Don't Care ; Off                ; Off                ;
; Create Debugging Nodes for IP Cores                                             ; Off                ; Off                ;
; Preserve fewer node names                                                       ; On                 ; On                 ;
; Intel FPGA IP Evaluation Mode                                                   ; Enable             ; Enable             ;
; Verilog Version                                                                 ; Verilog_2001       ; Verilog_2001       ;
; VHDL Version                                                                    ; VHDL_1993          ; VHDL_1993          ;
; State Machine Processing                                                        ; Auto               ; Auto               ;
; Safe State Machine                                                              ; Off                ; Off                ;
; Extract Verilog State Machines                                                  ; On                 ; On                 ;
; Extract VHDL State Machines                                                     ; On                 ; On                 ;
; Ignore Verilog initial constructs                                               ; Off                ; Off                ;
; Iteration limit for constant Verilog loops                                      ; 5000               ; 5000               ;
; Iteration limit for non-constant Verilog loops                                  ; 250                ; 250                ;
; Add Pass-Through Logic to Inferred RAMs                                         ; On                 ; On                 ;
; Infer RAMs from Raw Logic                                                       ; On                 ; On                 ;
; Parallel Synthesis                                                              ; On                 ; On                 ;
; DSP Block Balancing                                                             ; Auto               ; Auto               ;
; NOT Gate Push-Back                                                              ; On                 ; On                 ;
; Power-Up Don't Care                                                             ; On                 ; On                 ;
; Remove Redundant Logic Cells                                                    ; Off                ; Off                ;
; Remove Duplicate Registers                                                      ; On                 ; On                 ;
; Ignore CARRY Buffers                                                            ; Off                ; Off                ;
; Ignore CASCADE Buffers                                                          ; Off                ; Off                ;
; Ignore GLOBAL Buffers                                                           ; Off                ; Off                ;
; Ignore ROW GLOBAL Buffers                                                       ; Off                ; Off                ;
; Ignore LCELL Buffers                                                            ; Off                ; Off                ;
; Ignore SOFT Buffers                                                             ; On                 ; On                 ;
; Limit AHDL Integers to 32 Bits                                                  ; Off                ; Off                ;
; Optimization Technique                                                          ; Balanced           ; Balanced           ;
; Carry Chain Length                                                              ; 70                 ; 70                 ;
; Auto Carry Chains                                                               ; On                 ; On                 ;
; Auto Open-Drain Pins                                                            ; On                 ; On                 ;
; Perform WYSIWYG Primitive Resynthesis                                           ; Off                ; Off                ;
; Auto ROM Replacement                                                            ; On                 ; On                 ;
; Auto RAM Replacement                                                            ; On                 ; On                 ;
; Auto DSP Block Replacement                                                      ; On                 ; On                 ;
; Auto Shift Register Replacement                                                 ; Auto               ; Auto               ;
; Allow Shift Register Merging across Hierarchies                                 ; Auto               ; Auto               ;
; Auto Clock Enable Replacement                                                   ; On                 ; On                 ;
; Strict RAM Replacement                                                          ; Off                ; Off                ;
; Allow Synchronous Control Signals                                               ; On                 ; On                 ;
; Force Use of Synchronous Clear Signals                                          ; Off                ; Off                ;
; Auto Resource Sharing                                                           ; Off                ; Off                ;
; Allow Any RAM Size For Recognition                                              ; Off                ; Off                ;
; Allow Any ROM Size For Recognition                                              ; Off                ; Off                ;
; Allow Any Shift Register Size For Recognition                                   ; Off                ; Off                ;
; Use LogicLock Constraints during Resource Balancing                             ; On                 ; On                 ;
; Ignore translate_off and synthesis_off directives                               ; Off                ; Off                ;
; Timing-Driven Synthesis                                                         ; On                 ; On                 ;
; Report Parameter Settings                                                       ; On                 ; On                 ;
; Report Source Assignments                                                       ; On                 ; On                 ;
; Report Connectivity Checks                                                      ; On                 ; On                 ;
; Ignore Maximum Fan-Out Assignments                                              ; Off                ; Off                ;
; Synchronization Register Chain Length                                           ; 3                  ; 3                  ;
; Power Optimization During Synthesis                                             ; Normal compilation ; Normal compilation ;
; HDL message level                                                               ; Level2             ; Level2             ;
; Suppress Register Optimization Related Messages                                 ; Off                ; Off                ;
; Number of Removed Registers Reported in Synthesis Report                        ; 5000               ; 5000               ;
; Number of Swept Nodes Reported in Synthesis Report                              ; 5000               ; 5000               ;
; Number of Inverted Registers Reported in Synthesis Report                       ; 100                ; 100                ;
; Clock MUX Protection                                                            ; On                 ; On                 ;
; Auto Gated Clock Conversion                                                     ; Off                ; Off                ;
; Block Design Naming                                                             ; Auto               ; Auto               ;
; SDC constraint protection                                                       ; Off                ; Off                ;
; Synthesis Effort                                                                ; Auto               ; Auto               ;
; Shift Register Replacement - Allow Asynchronous Clear Signal                    ; On                 ; On                 ;
; Pre-Mapping Resynthesis Optimization                                            ; Off                ; Off                ;
; Analysis & Synthesis Message Level                                              ; Medium             ; Medium             ;
; Disable Register Merging Across Hierarchies                                     ; Auto               ; Auto               ;
; Resource Aware Inference For Block RAM                                          ; On                 ; On                 ;
; Automatic Parallel Synthesis                                                    ; On                 ; On                 ;
; Partial Reconfiguration Bitstream ID                                            ; Off                ; Off                ;
+---------------------------------------------------------------------------------+--------------------+--------------------+


+---------------------------------+
; Analysis & Elaboration Messages ;
+---------------------------------+
Info: *******************************************************************
Info: Running Quartus Prime Analysis & Elaboration
    Info: Version 20.1.1 Build 720 11/11/2020 SJ Lite Edition
    Info: Processing started: Fri Sep 27 12:14:59 2024
Info: Command: quartus_map --read_settings_files=on --write_settings_files=off procesador -c procesador --analysis_and_elaboration
Warning (18236): Number of processors has not been specified which may cause overloading on shared machines.  Set the global assignment NUM_PARALLEL_PROCESSORS in your QSF to an appropriate value for best performance.
Info (20030): Parallel compilation is enabled and will use 12 of the 12 processors detected
Info (12021): Found 1 design units, including 1 entities, in source file testbench/sumador_tb.sv
    Info (12023): Found entity 1: sumador_tb File: C:/Users/mario/Documents/GitHub/Vectorial-Encryption-CPU/testbench/sumador_tb.sv Line: 2
Info (12021): Found 1 design units, including 1 entities, in source file testbench/program_counter_tb.sv
    Info (12023): Found entity 1: program_counter_tb File: C:/Users/mario/Documents/GitHub/Vectorial-Encryption-CPU/testbench/program_counter_tb.sv Line: 1
Info (12021): Found 1 design units, including 1 entities, in source file testbench/mux2_1_tb.sv
    Info (12023): Found entity 1: mux2_1_tb File: C:/Users/mario/Documents/GitHub/Vectorial-Encryption-CPU/testbench/mux2_1_tb.sv Line: 3
Info (12021): Found 1 design units, including 1 entities, in source file testbench/if_id_reg_tb.sv
    Info (12023): Found entity 1: IF_ID_Reg_tb File: C:/Users/mario/Documents/GitHub/Vectorial-Encryption-CPU/testbench/IF_ID_Reg_tb.sv Line: 3
Info (12021): Found 1 design units, including 1 entities, in source file instructionfetch/sumador.sv
    Info (12023): Found entity 1: sumador File: C:/Users/mario/Documents/GitHub/Vectorial-Encryption-CPU/InstructionFetch/sumador.sv Line: 1
Info (12021): Found 1 design units, including 1 entities, in source file instructionfetch/program_counter.sv
    Info (12023): Found entity 1: program_counter File: C:/Users/mario/Documents/GitHub/Vectorial-Encryption-CPU/InstructionFetch/program_counter.sv Line: 2
Info (12021): Found 1 design units, including 1 entities, in source file instructionfetch/mux2_1.sv
    Info (12023): Found entity 1: mux2_1 File: C:/Users/mario/Documents/GitHub/Vectorial-Encryption-CPU/InstructionFetch/mux2_1.sv Line: 1
Info (12021): Found 1 design units, including 1 entities, in source file instructionfetch/if_id_reg.sv
    Info (12023): Found entity 1: IF_ID_Reg File: C:/Users/mario/Documents/GitHub/Vectorial-Encryption-CPU/InstructionFetch/IF_ID_Reg.sv Line: 1
Info (12021): Found 1 design units, including 1 entities, in source file procesador.sv
    Info (12023): Found entity 1: procesador File: C:/Users/mario/Documents/GitHub/Vectorial-Encryption-CPU/procesador.sv Line: 1
Info (12021): Found 1 design units, including 1 entities, in source file new_clk.sv
    Info (12023): Found entity 1: new_clk File: C:/Users/mario/Documents/GitHub/Vectorial-Encryption-CPU/new_clk.sv Line: 1
Info (12021): Found 1 design units, including 1 entities, in source file docode/register_file.sv
    Info (12023): Found entity 1: register_file File: C:/Users/mario/Documents/GitHub/Vectorial-Encryption-CPU/Docode/register_file.sv Line: 2
Info (12021): Found 1 design units, including 1 entities, in source file testbench/register_file_tb.sv
    Info (12023): Found entity 1: register_file_tb File: C:/Users/mario/Documents/GitHub/Vectorial-Encryption-CPU/testbench/register_file_tb.sv Line: 1
Info (12021): Found 1 design units, including 1 entities, in source file testbench/extend_tb.sv
    Info (12023): Found entity 1: extend_tb File: C:/Users/mario/Documents/GitHub/Vectorial-Encryption-CPU/testbench/extend_tb.sv Line: 3
Warning (10229): Verilog HDL Expression warning at Control_Unit.sv(153): truncated literal to match 4 bits File: C:/Users/mario/Documents/GitHub/Vectorial-Encryption-CPU/Docode/Control_Unit.sv Line: 153
Info (12021): Found 1 design units, including 1 entities, in source file docode/control_unit.sv
    Info (12023): Found entity 1: Control_Unit File: C:/Users/mario/Documents/GitHub/Vectorial-Encryption-CPU/Docode/Control_Unit.sv Line: 1
Info (12021): Found 1 design units, including 1 entities, in source file execute/exe_mem_reg.sv
    Info (12023): Found entity 1: EXE_MEM_Reg File: C:/Users/mario/Documents/GitHub/Vectorial-Encryption-CPU/Execute/EXE_MEM_Reg.sv Line: 1
Info (12021): Found 1 design units, including 1 entities, in source file testbench/compuerta_tb.sv
    Info (12023): Found entity 1: compuerta_tb File: C:/Users/mario/Documents/GitHub/Vectorial-Encryption-CPU/testbench/compuerta_tb.sv Line: 1
Info (12021): Found 1 design units, including 1 entities, in source file testbench/control_unit_tb.sv
    Info (12023): Found entity 1: Control_Unit_tb File: C:/Users/mario/Documents/GitHub/Vectorial-Encryption-CPU/testbench/Control_Unit_tb.sv Line: 3
Info (12021): Found 1 design units, including 1 entities, in source file docode/id_exe_reg.sv
    Info (12023): Found entity 1: ID_EXE_Reg File: C:/Users/mario/Documents/GitHub/Vectorial-Encryption-CPU/Docode/ID_EXE_Reg.sv Line: 1
Info (12021): Found 1 design units, including 1 entities, in source file testbench/id_exe_reg_tb.sv
    Info (12023): Found entity 1: ID_EXE_Reg_tb File: C:/Users/mario/Documents/GitHub/Vectorial-Encryption-CPU/testbench/ID_EXE_Reg_tb.sv Line: 3
Info (12021): Found 1 design units, including 1 entities, in source file memory/mem_wb_reg.sv
    Info (12023): Found entity 1: MEM_WB_Reg File: C:/Users/mario/Documents/GitHub/Vectorial-Encryption-CPU/Memory/MEM_WB_Reg.sv Line: 1
Info (12021): Found 1 design units, including 1 entities, in source file writeback/mux_wb.sv
    Info (12023): Found entity 1: mux_WB File: C:/Users/mario/Documents/GitHub/Vectorial-Encryption-CPU/WriteBack/mux_WB.sv Line: 1
Info (12021): Found 1 design units, including 1 entities, in source file instructionfetch/fetch.sv
    Info (12023): Found entity 1: fetch File: C:/Users/mario/Documents/GitHub/Vectorial-Encryption-CPU/InstructionFetch/fetch.sv Line: 1
Info (12021): Found 1 design units, including 1 entities, in source file testbench/fetch_tb.sv
    Info (12023): Found entity 1: fetch_tb File: C:/Users/mario/Documents/GitHub/Vectorial-Encryption-CPU/testbench/fetch_tb.sv Line: 3
Info (12021): Found 1 design units, including 1 entities, in source file docode/decode.sv
    Info (12023): Found entity 1: decode File: C:/Users/mario/Documents/GitHub/Vectorial-Encryption-CPU/Docode/decode.sv Line: 2
Info (12021): Found 1 design units, including 1 entities, in source file memory/memory.sv
    Info (12023): Found entity 1: memory File: C:/Users/mario/Documents/GitHub/Vectorial-Encryption-CPU/Memory/memory.sv Line: 3
Info (12021): Found 1 design units, including 1 entities, in source file testbench/decode_tb.sv
    Info (12023): Found entity 1: decode_tb File: C:/Users/mario/Documents/GitHub/Vectorial-Encryption-CPU/testbench/decode_tb.sv Line: 1
Warning (10229): Verilog HDL Expression warning at memory_tb.sv(40): truncated literal to match 4 bits File: C:/Users/mario/Documents/GitHub/Vectorial-Encryption-CPU/testbench/memory_tb.sv Line: 40
Warning (10229): Verilog HDL Expression warning at memory_tb.sv(49): truncated literal to match 4 bits File: C:/Users/mario/Documents/GitHub/Vectorial-Encryption-CPU/testbench/memory_tb.sv Line: 49
Info (12021): Found 1 design units, including 1 entities, in source file testbench/memory_tb.sv
    Info (12023): Found entity 1: memory_tb File: C:/Users/mario/Documents/GitHub/Vectorial-Encryption-CPU/testbench/memory_tb.sv Line: 3
Info (12021): Found 1 design units, including 1 entities, in source file vga/vga.sv
    Info (12023): Found entity 1: vga File: C:/Users/mario/Documents/GitHub/Vectorial-Encryption-CPU/vga/vga.sv Line: 1
Info (12021): Found 1 design units, including 1 entities, in source file vga/pll.sv
    Info (12023): Found entity 1: pll File: C:/Users/mario/Documents/GitHub/Vectorial-Encryption-CPU/vga/pll.sv Line: 1
Info (12021): Found 1 design units, including 1 entities, in source file vga/vgacontroller.sv
    Info (12023): Found entity 1: vgaController File: C:/Users/mario/Documents/GitHub/Vectorial-Encryption-CPU/vga/vgaController.sv Line: 1
Info (12021): Found 1 design units, including 1 entities, in source file vga/videogen.sv
    Info (12023): Found entity 1: videoGen File: C:/Users/mario/Documents/GitHub/Vectorial-Encryption-CPU/vga/videoGen.sv Line: 1
Info (12021): Found 1 design units, including 1 entities, in source file testbench/shiftlpc_tb.sv
    Info (12023): Found entity 1: shiftLPC_tb File: C:/Users/mario/Documents/GitHub/Vectorial-Encryption-CPU/testbench/shiftLPC_tb.sv Line: 3
Info (12021): Found 1 design units, including 1 entities, in source file testbench/imem_tb.sv
    Info (12023): Found entity 1: IMem_tb File: C:/Users/mario/Documents/GitHub/Vectorial-Encryption-CPU/testbench/IMem_tb.sv Line: 3
Info (12021): Found 1 design units, including 1 entities, in source file execute/execute.sv
    Info (12023): Found entity 1: execute File: C:/Users/mario/Documents/GitHub/Vectorial-Encryption-CPU/Execute/execute.sv Line: 2
Info (12021): Found 1 design units, including 1 entities, in source file testbench/execute_tb.sv
    Info (12023): Found entity 1: execute_tb File: C:/Users/mario/Documents/GitHub/Vectorial-Encryption-CPU/testbench/execute_tb.sv Line: 3
Info (12021): Found 1 design units, including 1 entities, in source file testbench/aluflags_tb.sv
    Info (12023): Found entity 1: aluFlags_tb File: C:/Users/mario/Documents/GitHub/Vectorial-Encryption-CPU/testbench/aluFlags_tb.sv Line: 3
Info (12021): Found 1 design units, including 1 entities, in source file testbench/procesador_tb.sv
    Info (12023): Found entity 1: procesador_tb File: C:/Users/mario/Documents/GitHub/Vectorial-Encryption-CPU/testbench/procesador_tb.sv Line: 3
Info (12021): Found 1 design units, including 1 entities, in source file instructionfetch/imem.v
    Info (12023): Found entity 1: IMem File: C:/Users/mario/Documents/GitHub/Vectorial-Encryption-CPU/InstructionFetch/IMem.v Line: 40
Info (12021): Found 1 design units, including 1 entities, in source file testbench/contador_tb.sv
    Info (12023): Found entity 1: contador_tb File: C:/Users/mario/Documents/GitHub/Vectorial-Encryption-CPU/testbench/contador_tb.sv Line: 1
Info (12021): Found 1 design units, including 1 entities, in source file memory/datamemory.v
    Info (12023): Found entity 1: DataMemory File: C:/Users/mario/Documents/GitHub/Vectorial-Encryption-CPU/Memory/DataMemory.v Line: 40
Info (12021): Found 1 design units, including 1 entities, in source file testbench/alu_tb.sv
    Info (12023): Found entity 1: ALU_tb File: C:/Users/mario/Documents/GitHub/Vectorial-Encryption-CPU/testbench/alu_tb.sv Line: 1
Info (12021): Found 1 design units, including 1 entities, in source file testbench/mux_wb_tb.sv
    Info (12023): Found entity 1: mux_WB_tb File: C:/Users/mario/Documents/GitHub/Vectorial-Encryption-CPU/testbench/mux_WB_tb.sv Line: 3
Info (12021): Found 1 design units, including 1 entities, in source file docode/decodesignalreg.sv
    Info (12023): Found entity 1: decodeSignalReg File: C:/Users/mario/Documents/GitHub/Vectorial-Encryption-CPU/Docode/decodeSignalReg.sv Line: 1
Info (12021): Found 1 design units, including 1 entities, in source file memory/tempmemreg.sv
    Info (12023): Found entity 1: tempMemReg File: C:/Users/mario/Documents/GitHub/Vectorial-Encryption-CPU/Memory/tempMemReg.sv Line: 1
Info (12021): Found 1 design units, including 1 entities, in source file docode/hazardunit.sv
    Info (12023): Found entity 1: hazardUnit File: C:/Users/mario/Documents/GitHub/Vectorial-Encryption-CPU/Docode/hazardUnit.sv Line: 1
Info (12021): Found 1 design units, including 1 entities, in source file testbench/hazardunit_tb.sv
    Info (12023): Found entity 1: hazardUnit_tb File: C:/Users/mario/Documents/GitHub/Vectorial-Encryption-CPU/testbench/hazardUnit_tb.sv Line: 1
Info (12021): Found 1 design units, including 1 entities, in source file execute/alu.sv
    Info (12023): Found entity 1: ALU File: C:/Users/mario/Documents/GitHub/Vectorial-Encryption-CPU/Execute/ALU.sv Line: 1
Info (12021): Found 1 design units, including 1 entities, in source file execute/combineunit.sv
    Info (12023): Found entity 1: combineUnit File: C:/Users/mario/Documents/GitHub/Vectorial-Encryption-CPU/Execute/combineUnit.sv Line: 1
Info (12021): Found 1 design units, including 1 entities, in source file execute/compareexec.sv
    Info (12023): Found entity 1: compareExec File: C:/Users/mario/Documents/GitHub/Vectorial-Encryption-CPU/Execute/compareExec.sv Line: 1
Info (12021): Found 1 design units, including 1 entities, in source file docode/reg_count.sv
    Info (12023): Found entity 1: reg_Count File: C:/Users/mario/Documents/GitHub/Vectorial-Encryption-CPU/Docode/reg_Count.sv Line: 2
Info (12021): Found 1 design units, including 1 entities, in source file execute/columnmaker.sv
    Info (12023): Found entity 1: Columnmaker File: C:/Users/mario/Documents/GitHub/Vectorial-Encryption-CPU/Execute/Columnmaker.sv Line: 1
Info (12021): Found 1 design units, including 1 entities, in source file memory/memdata.v
    Info (12023): Found entity 1: MemData File: C:/Users/mario/Documents/GitHub/Vectorial-Encryption-CPU/Memory/MemData.v Line: 40
Info (12021): Found 1 design units, including 1 entities, in source file memory/packingunit.sv
    Info (12023): Found entity 1: PackingUnit File: C:/Users/mario/Documents/GitHub/Vectorial-Encryption-CPU/Memory/PackingUnit.sv Line: 1
Info (12021): Found 1 design units, including 1 entities, in source file memory/combine16to32.sv
    Info (12023): Found entity 1: Combine16to32 File: C:/Users/mario/Documents/GitHub/Vectorial-Encryption-CPU/Memory/Combine16to32.sv Line: 1
Info (12021): Found 1 design units, including 1 entities, in source file testbench/packingunit_tb.sv
    Info (12023): Found entity 1: PackingUnit_tb File: C:/Users/mario/Documents/GitHub/Vectorial-Encryption-CPU/testbench/PackingUnit_tb.sv Line: 1
Info (12021): Found 1 design units, including 1 entities, in source file testbench/columnmaker_tb.sv
    Info (12023): Found entity 1: Columnmaker_tb File: C:/Users/mario/Documents/GitHub/Vectorial-Encryption-CPU/testbench/Columnmaker_tb.sv Line: 1
Info (12021): Found 1 design units, including 1 entities, in source file execute/parallelalus.sv
    Info (12023): Found entity 1: parallelALUs File: C:/Users/mario/Documents/GitHub/Vectorial-Encryption-CPU/Execute/parallelALUs.sv Line: 1
Info (12021): Found 1 design units, including 1 entities, in source file execute/parallelalus_tb.sv
    Info (12023): Found entity 1: parallelALUs_tb File: C:/Users/mario/Documents/GitHub/Vectorial-Encryption-CPU/Execute/parallelALUs_tb.sv Line: 1
Warning (10236): Verilog HDL Implicit Net warning at procesador.sv(57): created implicit net for "pcsuma" File: C:/Users/mario/Documents/GitHub/Vectorial-Encryption-CPU/procesador.sv Line: 57
Warning (10236): Verilog HDL Implicit Net warning at procesador.sv(58): created implicit net for "instruction" File: C:/Users/mario/Documents/GitHub/Vectorial-Encryption-CPU/procesador.sv Line: 58
Warning (10236): Verilog HDL Implicit Net warning at procesador.sv(67): created implicit net for "zeroFlag" File: C:/Users/mario/Documents/GitHub/Vectorial-Encryption-CPU/procesador.sv Line: 67
Warning (10236): Verilog HDL Implicit Net warning at procesador.sv(77): created implicit net for "regWriteM" File: C:/Users/mario/Documents/GitHub/Vectorial-Encryption-CPU/procesador.sv Line: 77
Warning (10236): Verilog HDL Implicit Net warning at procesador.sv(80): created implicit net for "RdM" File: C:/Users/mario/Documents/GitHub/Vectorial-Encryption-CPU/procesador.sv Line: 80
Warning (10236): Verilog HDL Implicit Net warning at procesador.sv(127): created implicit net for "updateC" File: C:/Users/mario/Documents/GitHub/Vectorial-Encryption-CPU/procesador.sv Line: 127
Warning (10236): Verilog HDL Implicit Net warning at procesador.sv(131): created implicit net for "compResOut" File: C:/Users/mario/Documents/GitHub/Vectorial-Encryption-CPU/procesador.sv Line: 131
Warning (10236): Verilog HDL Implicit Net warning at procesador.sv(182): created implicit net for "RdE" File: C:/Users/mario/Documents/GitHub/Vectorial-Encryption-CPU/procesador.sv Line: 182
Warning (10236): Verilog HDL Implicit Net warning at procesador.sv(183): created implicit net for "updateCnt" File: C:/Users/mario/Documents/GitHub/Vectorial-Encryption-CPU/procesador.sv Line: 183
Warning (10236): Verilog HDL Implicit Net warning at procesador.sv(184): created implicit net for "regWriteE" File: C:/Users/mario/Documents/GitHub/Vectorial-Encryption-CPU/procesador.sv Line: 184
Warning (10236): Verilog HDL Implicit Net warning at procesador.sv(184): created implicit net for "memWriteE" File: C:/Users/mario/Documents/GitHub/Vectorial-Encryption-CPU/procesador.sv Line: 184
Warning (10236): Verilog HDL Implicit Net warning at procesador.sv(187): created implicit net for "colexe" File: C:/Users/mario/Documents/GitHub/Vectorial-Encryption-CPU/procesador.sv Line: 187
Warning (10236): Verilog HDL Implicit Net warning at procesador.sv(196): created implicit net for "resCmp" File: C:/Users/mario/Documents/GitHub/Vectorial-Encryption-CPU/procesador.sv Line: 196
Warning (10236): Verilog HDL Implicit Net warning at procesador.sv(302): created implicit net for "memWriteM" File: C:/Users/mario/Documents/GitHub/Vectorial-Encryption-CPU/procesador.sv Line: 302
Warning (10236): Verilog HDL Implicit Net warning at procesador.sv(362): created implicit net for "write0" File: C:/Users/mario/Documents/GitHub/Vectorial-Encryption-CPU/procesador.sv Line: 362
Warning (10236): Verilog HDL Implicit Net warning at procesador.sv(367): created implicit net for "write1" File: C:/Users/mario/Documents/GitHub/Vectorial-Encryption-CPU/procesador.sv Line: 367
Warning (10236): Verilog HDL Implicit Net warning at procesador.sv(372): created implicit net for "write2" File: C:/Users/mario/Documents/GitHub/Vectorial-Encryption-CPU/procesador.sv Line: 372
Warning (10236): Verilog HDL Implicit Net warning at procesador.sv(377): created implicit net for "write3" File: C:/Users/mario/Documents/GitHub/Vectorial-Encryption-CPU/procesador.sv Line: 377
Critical Warning (10846): Verilog HDL Instantiation warning at procesador.sv(198): instance has no name File: C:/Users/mario/Documents/GitHub/Vectorial-Encryption-CPU/procesador.sv Line: 198
Critical Warning (10846): Verilog HDL Instantiation warning at procesador.sv(363): instance has no name File: C:/Users/mario/Documents/GitHub/Vectorial-Encryption-CPU/procesador.sv Line: 363
Critical Warning (10846): Verilog HDL Instantiation warning at procesador.sv(368): instance has no name File: C:/Users/mario/Documents/GitHub/Vectorial-Encryption-CPU/procesador.sv Line: 368
Critical Warning (10846): Verilog HDL Instantiation warning at procesador.sv(373): instance has no name File: C:/Users/mario/Documents/GitHub/Vectorial-Encryption-CPU/procesador.sv Line: 373
Critical Warning (10846): Verilog HDL Instantiation warning at procesador.sv(378): instance has no name File: C:/Users/mario/Documents/GitHub/Vectorial-Encryption-CPU/procesador.sv Line: 378
Info (12127): Elaborating entity "IF_ID_Reg" for the top level hierarchy
Info (144001): Generated suppressed messages file C:/Users/mario/Documents/GitHub/Vectorial-Encryption-CPU/output_files/procesador.map.smsg
Info: Quartus Prime Analysis & Elaboration was successful. 0 errors, 27 warnings
    Info: Peak virtual memory: 4780 megabytes
    Info: Processing ended: Fri Sep 27 12:15:07 2024
    Info: Elapsed time: 00:00:08
    Info: Total CPU time (on all processors): 00:00:07


+--------------------------------------------+
; Analysis & Elaboration Suppressed Messages ;
+--------------------------------------------+
The suppressed messages can be found in C:/Users/mario/Documents/GitHub/Vectorial-Encryption-CPU/output_files/procesador.map.smsg.


